[0m00:55:58.033801 [debug] [MainThread]: Sending event: {'category': 'dbt', 'action': 'invocation', 'label': 'start', 'context': [<snowplow_tracker.self_describing_json.SelfDescribingJson object at 0x000001EF662BD910>, <snowplow_tracker.self_describing_json.SelfDescribingJson object at 0x000001EF64D103B0>, <snowplow_tracker.self_describing_json.SelfDescribingJson object at 0x000001EF66247F80>]}


============================== 00:55:58.037801 | 5d779855-b80e-4944-a83c-97bf95b9db70 ==============================
[0m00:55:58.037801 [info ] [MainThread]: Running with dbt=1.11.12
[0m00:55:58.037801 [debug] [MainThread]: running dbt with arguments {'static_parser': 'True', 'no_print': 'None', 'version_check': 'True', 'warn_error_options': 'WarnErrorOptionsV2(error=[], warn=[], silence=[])', 'target_path': 'None', 'printer_width': '80', 'write_json': 'True', 'empty': 'None', 'log_cache_events': 'False', 'introspect': 'True', 'cache_selected_only': 'False', 'log_format': 'default', 'debug': 'False', 'fail_fast': 'False', 'partial_parse': 'True', 'send_anonymous_usage_stats': 'True', 'quiet': 'False', 'warn_error': 'None', 'profiles_dir': 'C:\\Users\\HLydi\\.dbt', 'indirect_selection': 'eager', 'use_colors': 'True', 'invocation_command': 'dbt docs generate', 'use_experimental_parser': 'False', 'log_path': 'logs'}
[0m00:55:58.038801 [error] [MainThread]: Encountered an error:
Runtime Error
  No dbt_project.yml found at expected path C:\Users\HLydi\OneDrive\Business Intelligence\Portfolio\Fantacy Football Portfolio Project\dbt_project.yml
  Verify that each entry within packages.yml (and their transitive dependencies) contains a file named dbt_project.yml
  
[0m00:55:58.039801 [debug] [MainThread]: Command `dbt docs generate` failed at 00:55:58.039801 after 0.14 seconds
[0m00:55:58.039801 [debug] [MainThread]: Sending event: {'category': 'dbt', 'action': 'invocation', 'label': 'end', 'context': [<snowplow_tracker.self_describing_json.SelfDescribingJson object at 0x000001EF66E6E210>, <snowplow_tracker.self_describing_json.SelfDescribingJson object at 0x000001EF66FA5CA0>, <snowplow_tracker.self_describing_json.SelfDescribingJson object at 0x000001EF68053FE0>]}
[0m00:55:58.039801 [debug] [MainThread]: Flushing usage events
[0m00:55:58.549463 [debug] [MainThread]: An error was encountered while trying to flush usage events
[0m00:56:00.131888 [debug] [MainThread]: Sending event: {'category': 'dbt', 'action': 'invocation', 'label': 'start', 'context': [<snowplow_tracker.self_describing_json.SelfDescribingJson object at 0x000001A52E2BF830>, <snowplow_tracker.self_describing_json.SelfDescribingJson object at 0x000001A52E6E4380>, <snowplow_tracker.self_describing_json.SelfDescribingJson object at 0x000001A52E6E6330>]}


============================== 00:56:00.135888 | eaf2694e-507e-432d-9fb0-100b903394fb ==============================
[0m00:56:00.135888 [info ] [MainThread]: Running with dbt=1.11.12
[0m00:56:00.135888 [debug] [MainThread]: running dbt with arguments {'static_parser': 'True', 'no_print': 'None', 'version_check': 'True', 'target_path': 'None', 'warn_error_options': 'WarnErrorOptionsV2(error=[], warn=[], silence=[])', 'printer_width': '80', 'write_json': 'True', 'introspect': 'True', 'log_cache_events': 'False', 'empty': 'None', 'cache_selected_only': 'False', 'log_format': 'default', 'debug': 'False', 'fail_fast': 'False', 'partial_parse': 'True', 'send_anonymous_usage_stats': 'True', 'quiet': 'False', 'warn_error': 'None', 'profiles_dir': 'C:\\Users\\HLydi\\.dbt', 'indirect_selection': 'eager', 'invocation_command': 'dbt docs serve', 'use_colors': 'True', 'use_experimental_parser': 'False', 'log_path': 'logs'}
[0m00:56:00.135888 [error] [MainThread]: Encountered an error:
Runtime Error
  No dbt_project.yml found at expected path C:\Users\HLydi\OneDrive\Business Intelligence\Portfolio\Fantacy Football Portfolio Project\dbt_project.yml
  Verify that each entry within packages.yml (and their transitive dependencies) contains a file named dbt_project.yml
  
[0m00:56:00.136888 [debug] [MainThread]: Command `dbt docs serve` failed at 00:56:00.136888 after 0.08 seconds
[0m00:56:00.136888 [debug] [MainThread]: Sending event: {'category': 'dbt', 'action': 'invocation', 'label': 'end', 'context': [<snowplow_tracker.self_describing_json.SelfDescribingJson object at 0x000001A52C943740>, <snowplow_tracker.self_describing_json.SelfDescribingJson object at 0x000001A52EFA65A0>, <snowplow_tracker.self_describing_json.SelfDescribingJson object at 0x000001A52EE40D10>]}
[0m00:56:00.136888 [debug] [MainThread]: Flushing usage events
[0m00:56:00.636500 [debug] [MainThread]: An error was encountered while trying to flush usage events
